__tests__/collisionDetection.test.ts(2,38): error TS2307: Cannot find module '@jest/globals' or its corresponding type declarations.
__tests__/safetyScoring.test.ts(1,38): error TS2307: Cannot find module '@jest/globals' or its corresponding type declarations.
__tests__/testHelpers.ts(72,20): error TS2353: Object literal may only specify known properties, and 'locationX' does not exist in type 'Vector2'.
app/ar-view.tsx(649,9): error TS2358: The left-hand side of an 'instanceof' expression must be of type 'any', an object type or a type parameter.
app/ar-view.tsx(650,16): error TS2339: Property 'geometry' does not exist on type 'never'.
app/ar-view.tsx(651,14): error TS2339: Property 'geometry' does not exist on type 'never'.
app/ar-view.tsx(653,30): error TS2339: Property 'material' does not exist on type 'never'.
app/ar-view.tsx(654,14): error TS2339: Property 'material' does not exist on type 'never'.
app/ar-view.tsx(657,23): error TS2339: Property 'material' does not exist on type 'never'.
app/ar-view.tsx(658,15): error TS2339: Property 'material' does not exist on type 'never'.
app/ar-view.tsx(2163,47): error TS2339: Property 'message' does not exist on type 'never'.
app/ar-view.tsx(2606,27): error TS2339: Property 'extent' does not exist on type 'DetectedPlane'.
app/ar-view.tsx(2885,29): error TS2551: Property 'isDisposed' does not exist on type 'BoxGeometry'. Did you mean 'dispose'?
app/ar-view.tsx(2895,27): error TS2551: Property 'isDisposed' does not exist on type 'MeshStandardMaterial'. Did you mean 'dispose'?
app/ar-view.tsx(3201,41): error TS2339: Property 'material' does not exist on type 'Mesh<BufferGeometry<NormalBufferAttributes>, Material | Material[], Object3DEventMap> | Group<...>'.
  Property 'material' does not exist on type 'Group<Object3DEventMap>'.
app/ar-view.tsx(3206,20): error TS2339: Property 'material' does not exist on type 'Mesh<BufferGeometry<NormalBufferAttributes>, Material | Material[], Object3DEventMap> | Group<...>'.
  Property 'material' does not exist on type 'Group<Object3DEventMap>'.
app/ar-view.tsx(3209,20): error TS2339: Property 'material' does not exist on type 'Mesh<BufferGeometry<NormalBufferAttributes>, Material | Material[], Object3DEventMap> | Group<...>'.
  Property 'material' does not exist on type 'Group<Object3DEventMap>'.
app/ar-view.tsx(3439,11): error TS2739: Type 'Group<Object3DEventMap>' is missing the following properties from type 'Mesh<BufferGeometry<NormalBufferAttributes>, Material | Material[], Object3DEventMap>': isMesh, geometry, material, updateMorphTargets, getVertexPosition
app/ar-view.tsx(3551,7): error TS2322: Type 'Vector3 | null' is not assignable to type 'boolean'.
  Type 'null' is not assignable to type 'boolean'.
app/ar-view.tsx(3720,18): error TS2358: The left-hand side of an 'instanceof' expression must be of type 'any', an object type or a type parameter.
app/ar-view.tsx(3722,14): error TS2339: Property 'traverse' does not exist on type 'never'.
app/ar-view.tsx(3722,24): error TS7006: Parameter 'child' implicitly has an 'any' type.
app/ar-view.tsx(4158,22): error TS2339: Property 'material' does not exist on type 'Mesh<BufferGeometry<NormalBufferAttributes>, Material | Material[], Object3DEventMap> | Group<...>'.
  Property 'material' does not exist on type 'Group<Object3DEventMap>'.
app/ar-view.tsx(4161,22): error TS2339: Property 'material' does not exist on type 'Mesh<BufferGeometry<NormalBufferAttributes>, Material | Material[], Object3DEventMap> | Group<...>'.
  Property 'material' does not exist on type 'Group<Object3DEventMap>'.
app/ar-view.tsx(4162,22): error TS2339: Property 'material' does not exist on type 'Mesh<BufferGeometry<NormalBufferAttributes>, Material | Material[], Object3DEventMap> | Group<...>'.
  Property 'material' does not exist on type 'Group<Object3DEventMap>'.
app/ar-view.tsx(4165,22): error TS2339: Property 'material' does not exist on type 'Mesh<BufferGeometry<NormalBufferAttributes>, Material | Material[], Object3DEventMap> | Group<...>'.
  Property 'material' does not exist on type 'Group<Object3DEventMap>'.
app/ar-view.tsx(4166,22): error TS2339: Property 'material' does not exist on type 'Mesh<BufferGeometry<NormalBufferAttributes>, Material | Material[], Object3DEventMap> | Group<...>'.
  Property 'material' does not exist on type 'Group<Object3DEventMap>'.
app/ar-view.tsx(4170,22): error TS2339: Property 'material' does not exist on type 'Mesh<BufferGeometry<NormalBufferAttributes>, Material | Material[], Object3DEventMap> | Group<...>'.
  Property 'material' does not exist on type 'Group<Object3DEventMap>'.
app/ar-view.tsx(4171,22): error TS2339: Property 'material' does not exist on type 'Mesh<BufferGeometry<NormalBufferAttributes>, Material | Material[], Object3DEventMap> | Group<...>'.
  Property 'material' does not exist on type 'Group<Object3DEventMap>'.
app/ar-view.tsx(4180,60): error TS2339: Property 'material' does not exist on type 'Mesh<BufferGeometry<NormalBufferAttributes>, Material | Material[], Object3DEventMap> | Group<...>'.
  Property 'material' does not exist on type 'Group<Object3DEventMap>'.
app/ar-view.tsx(4180,97): error TS2339: Property 'material' does not exist on type 'Mesh<BufferGeometry<NormalBufferAttributes>, Material | Material[], Object3DEventMap> | Group<...>'.
  Property 'material' does not exist on type 'Group<Object3DEventMap>'.
app/ar-view.tsx(4181,24): error TS2339: Property 'material' does not exist on type 'Mesh<BufferGeometry<NormalBufferAttributes>, Material | Material[], Object3DEventMap> | Group<...>'.
  Property 'material' does not exist on type 'Group<Object3DEventMap>'.
app/ar-view.tsx(4182,24): error TS2339: Property 'material' does not exist on type 'Mesh<BufferGeometry<NormalBufferAttributes>, Material | Material[], Object3DEventMap> | Group<...>'.
  Property 'material' does not exist on type 'Group<Object3DEventMap>'.
app/ar-view.tsx(4790,35): error TS2339: Property 'material' does not exist on type 'Mesh<BufferGeometry<NormalBufferAttributes>, Material | Material[], Object3DEventMap> | Group<...>'.
  Property 'material' does not exist on type 'Group<Object3DEventMap>'.
app/ar-view.tsx(4812,35): error TS2339: Property 'material' does not exist on type 'Mesh<BufferGeometry<NormalBufferAttributes>, Material | Material[], Object3DEventMap> | Group<...>'.
  Property 'material' does not exist on type 'Group<Object3DEventMap>'.
app/ar-view.tsx(5896,46): error TS2339: Property 'geometry' does not exist on type 'Mesh<BufferGeometry<NormalBufferAttributes>, Material | Material[], Object3DEventMap> | Group<...>'.
  Property 'geometry' does not exist on type 'Group<Object3DEventMap>'.
app/ar-view.tsx(5897,48): error TS2339: Property 'geometry' does not exist on type 'Mesh<BufferGeometry<NormalBufferAttributes>, Material | Material[], Object3DEventMap> | Group<...>'.
  Property 'geometry' does not exist on type 'Group<Object3DEventMap>'.
app/ar-view.tsx(5982,28): error TS2339: Property 'material' does not exist on type 'Mesh<BufferGeometry<NormalBufferAttributes>, Material | Material[], Object3DEventMap> | Group<...>'.
  Property 'material' does not exist on type 'Group<Object3DEventMap>'.
app/ar-view.tsx(5983,26): error TS2339: Property 'material' does not exist on type 'Mesh<BufferGeometry<NormalBufferAttributes>, Material | Material[], Object3DEventMap> | Group<...>'.
  Property 'material' does not exist on type 'Group<Object3DEventMap>'.
app/ar-view.tsx(5984,26): error TS2339: Property 'material' does not exist on type 'Mesh<BufferGeometry<NormalBufferAttributes>, Material | Material[], Object3DEventMap> | Group<...>'.
  Property 'material' does not exist on type 'Group<Object3DEventMap>'.
app/ar-view.tsx(6662,19): error TS2345: Argument of type 'string | null' is not assignable to parameter of type 'string | undefined'.
  Type 'null' is not assignable to type 'string | undefined'.
app/ar-view.tsx(6848,19): error TS2345: Argument of type '{ id: string; libraryId: string; name: string; emoji: string | undefined; price: string; }[]' is not assignable to parameter of type 'PlacedFurnitureMeta[]'.
  Type '{ id: string; libraryId: string; name: string; emoji: string | undefined; price: string; }' is not assignable to type 'PlacedFurnitureMeta'.
    Types of property 'emoji' are incompatible.
      Type 'string | undefined' is not assignable to type 'string'.
        Type 'undefined' is not assignable to type 'string'.
app/ar-view.tsx(6849,24): error TS2345: Argument of type '{ id: string; libraryId: string; name: string; emoji: string | undefined; price: string; }[]' is not assignable to parameter of type 'SetStateAction<PlacedFurnitureMeta[]>'.
  Type '{ id: string; libraryId: string; name: string; emoji: string | undefined; price: string; }[]' is not assignable to type 'PlacedFurnitureMeta[]'.
    Type '{ id: string; libraryId: string; name: string; emoji: string | undefined; price: string; }' is not assignable to type 'PlacedFurnitureMeta'.
      Types of property 'emoji' are incompatible.
        Type 'string | undefined' is not assignable to type 'string'.
          Type 'undefined' is not assignable to type 'string'.
app/ar-view.tsx(6924,19): error TS2345: Argument of type '{ libraryId: string; name: string; emoji: string | undefined; price: string; id: string; groupId?: string | undefined; }[]' is not assignable to parameter of type 'PlacedFurnitureMeta[]'.
  Type '{ libraryId: string; name: string; emoji: string | undefined; price: string; id: string; groupId?: string; }' is not assignable to type 'PlacedFurnitureMeta'.
    Types of property 'emoji' are incompatible.
      Type 'string | undefined' is not assignable to type 'string'.
        Type 'undefined' is not assignable to type 'string'.
app/ar-view.tsx(6925,24): error TS2345: Argument of type '{ libraryId: string; name: string; emoji: string | undefined; price: string; id: string; groupId?: string | undefined; }[]' is not assignable to parameter of type 'SetStateAction<PlacedFurnitureMeta[]>'.
  Type '{ libraryId: string; name: string; emoji: string | undefined; price: string; id: string; groupId?: string | undefined; }[]' is not assignable to type 'PlacedFurnitureMeta[]'.
    Type '{ libraryId: string; name: string; emoji: string | undefined; price: string; id: string; groupId?: string; }' is not assignable to type 'PlacedFurnitureMeta'.
      Types of property 'emoji' are incompatible.
        Type 'string | undefined' is not assignable to type 'string'.
          Type 'undefined' is not assignable to type 'string'.
app/ar-view.tsx(8733,5): error TS1117: An object literal cannot have multiple properties with the same name.
app/ar-view.tsx(8734,5): error TS1117: An object literal cannot have multiple properties with the same name.
app/ar-view.tsx(8735,5): error TS1117: An object literal cannot have multiple properties with the same name.
app/ar-view.tsx(8736,5): error TS1117: An object literal cannot have multiple properties with the same name.
app/ar-view.tsx(8737,5): error TS1117: An object literal cannot have multiple properties with the same name.
app/ar-view.tsx(10227,3): error TS1117: An object literal cannot have multiple properties with the same name.
app/ar-view.tsx(10238,3): error TS1117: An object literal cannot have multiple properties with the same name.
app/ar-view.tsx(10572,3): error TS1117: An object literal cannot have multiple properties with the same name.
app/ar-view.tsx(10579,3): error TS1117: An object literal cannot have multiple properties with the same name.
app/theme-recommend.tsx(455,56): error TS2769: No overload matches this call.
  Overload 1 of 2, '(props: ViewProps): View', gave the following error.
    Type '"region"' is not assignable to type 'AccessibilityRole | undefined'.
  Overload 2 of 2, '(props: ViewProps, context: any): View', gave the following error.
    Type '"region"' is not assignable to type 'AccessibilityRole | undefined'.
app/theme-recommend.tsx(549,61): error TS2769: No overload matches this call.
  Overload 1 of 2, '(props: ViewProps): View', gave the following error.
    Type '{ backgroundColor: unknown; }' is not assignable to type 'ViewStyle | Falsy | RegisteredStyle<ViewStyle> | RecursiveArray<ViewStyle | Falsy | RegisteredStyle<ViewStyle>> | readonly (ViewStyle | ... 1 more ... | RegisteredStyle<...>)[]'.
      Types of property 'backgroundColor' are incompatible.
        Type 'unknown' is not assignable to type 'ColorValue | undefined'.
  Overload 2 of 2, '(props: ViewProps, context: any): View', gave the following error.
    Type '{ backgroundColor: unknown; }' is not assignable to type 'ViewStyle | Falsy | RegisteredStyle<ViewStyle> | RecursiveArray<ViewStyle | Falsy | RegisteredStyle<ViewStyle>> | readonly (ViewStyle | ... 1 more ... | RegisteredStyle<...>)[]'.
      Types of property 'backgroundColor' are incompatible.
        Type 'unknown' is not assignable to type 'ColorValue | undefined'.
components/ar-view/ARControls.tsx(59,75): error TS2339: Property 'text' does not exist on type '{ background: string; surfacePrimary: string; surfaceSecondary: string; surfaceTertiary: string; accent: string; accentLight: string; accentDark: string; accentSoft: string; success: string; ... 9 more ...; gradientEnd: string; }'.
components/ar-view/ARControls.tsx(69,75): error TS2339: Property 'text' does not exist on type '{ background: string; surfacePrimary: string; surfaceSecondary: string; surfaceTertiary: string; accent: string; accentLight: string; accentDark: string; accentSoft: string; success: string; ... 9 more ...; gradientEnd: string; }'.
components/ar-view/ARControls.tsx(91,64): error TS2339: Property 'primary' does not exist on type '{ background: string; surfacePrimary: string; surfaceSecondary: string; surfaceTertiary: string; accent: string; accentLight: string; accentDark: string; accentSoft: string; success: string; ... 9 more ...; gradientEnd: string; }'.
components/ar-view/ARControls.tsx(121,72): error TS2339: Property 'text' does not exist on type '{ background: string; surfacePrimary: string; surfaceSecondary: string; surfaceTertiary: string; accent: string; accentLight: string; accentDark: string; accentSoft: string; success: string; ... 9 more ...; gradientEnd: string; }'.
components/ar-view/ARFurnitureLibrary.tsx(132,25): error TS2339: Property 'primary' does not exist on type '{ background: string; surfacePrimary: string; surfaceSecondary: string; surfaceTertiary: string; accent: string; accentLight: string; accentDark: string; accentSoft: string; success: string; ... 9 more ...; gradientEnd: string; }'.
components/ar-view/ARFurnitureLibrary.tsx(140,19): error TS2339: Property 'primary' does not exist on type '{ background: string; surfacePrimary: string; surfaceSecondary: string; surfaceTertiary: string; accent: string; accentLight: string; accentDark: string; accentSoft: string; success: string; ... 9 more ...; gradientEnd: string; }'.
components/ar-view/ARFurnitureLibrary.tsx(158,25): error TS2339: Property 'primary' does not exist on type '{ background: string; surfacePrimary: string; surfaceSecondary: string; surfaceTertiary: string; accent: string; accentLight: string; accentDark: string; accentSoft: string; success: string; ... 9 more ...; gradientEnd: string; }'.
components/ar-view/ARFurnitureLibrary.tsx(173,19): error TS2339: Property 'text' does not exist on type '{ background: string; surfacePrimary: string; surfaceSecondary: string; surfaceTertiary: string; accent: string; accentLight: string; accentDark: string; accentSoft: string; success: string; ... 9 more ...; gradientEnd: string; }'.
components/ar-view/ARStatusIndicator.tsx(139,19): error TS2339: Property 'text' does not exist on type '{ background: string; surfacePrimary: string; surfaceSecondary: string; surfaceTertiary: string; accent: string; accentLight: string; accentDark: string; accentSoft: string; success: string; ... 9 more ...; gradientEnd: string; }'.
components/ar-view/ARStatusIndicator.tsx(165,19): error TS2339: Property 'text' does not exist on type '{ background: string; surfacePrimary: string; surfaceSecondary: string; surfaceTertiary: string; accent: string; accentLight: string; accentDark: string; accentSoft: string; success: string; ... 9 more ...; gradientEnd: string; }'.
components/theme-recommend/AlternativeThemeCard.tsx(62,49): error TS2769: No overload matches this call.
  Overload 1 of 2, '(props: ViewProps): View', gave the following error.
    Type '{ backgroundColor: unknown; }' is not assignable to type 'ViewStyle | Falsy | RegisteredStyle<ViewStyle> | RecursiveArray<ViewStyle | Falsy | RegisteredStyle<ViewStyle>> | readonly (ViewStyle | ... 1 more ... | RegisteredStyle<...>)[]'.
      Types of property 'backgroundColor' are incompatible.
        Type 'unknown' is not assignable to type 'ColorValue | undefined'.
  Overload 2 of 2, '(props: ViewProps, context: any): View', gave the following error.
    Type '{ backgroundColor: unknown; }' is not assignable to type 'ViewStyle | Falsy | RegisteredStyle<ViewStyle> | RecursiveArray<ViewStyle | Falsy | RegisteredStyle<ViewStyle>> | readonly (ViewStyle | ... 1 more ... | RegisteredStyle<...>)[]'.
      Types of property 'backgroundColor' are incompatible.
        Type 'unknown' is not assignable to type 'ColorValue | undefined'.
hooks/useARFurniture.ts(4,15): error TS2614: Module '"@/app/ar-view"' has no exported member 'FurnitureMapEntry'. Did you mean to use 'import FurnitureMapEntry from "@/app/ar-view"' instead?
hooks/useARFurniturePlacement.ts(148,19): error TS2345: Argument of type 'Mesh<BufferGeometry<NormalBufferAttributes>, Material | Material[], Object3DEventMap> | Group<...>' is not assignable to parameter of type 'Mesh<BufferGeometry<NormalBufferAttributes>, Material | Material[], Object3DEventMap>'.
  Type 'Group<Object3DEventMap>' is missing the following properties from type 'Mesh<BufferGeometry<NormalBufferAttributes>, Material | Material[], Object3DEventMap>': isMesh, geometry, material, updateMorphTargets, getVertexPosition
hooks/useARFurniturePlacement.ts(178,35): error TS2339: Property 'material' does not exist on type 'Mesh<BufferGeometry<NormalBufferAttributes>, Material | Material[], Object3DEventMap> | Group<...>'.
  Property 'material' does not exist on type 'Group<Object3DEventMap>'.
hooks/useARFurniturePlacement.ts(221,33): error TS2339: Property 'material' does not exist on type 'Mesh<BufferGeometry<NormalBufferAttributes>, Material | Material[], Object3DEventMap> | Group<...>'.
  Property 'material' does not exist on type 'Group<Object3DEventMap>'.
hooks/useARFurniturePlacement.ts(248,19): error TS2345: Argument of type 'Mesh<BufferGeometry<NormalBufferAttributes>, Material | Material[], Object3DEventMap> | Group<...>' is not assignable to parameter of type 'Mesh<BufferGeometry<NormalBufferAttributes>, Material | Material[], Object3DEventMap>'.
  Type 'Group<Object3DEventMap>' is missing the following properties from type 'Mesh<BufferGeometry<NormalBufferAttributes>, Material | Material[], Object3DEventMap>': isMesh, geometry, material, updateMorphTargets, getVertexPosition
hooks/useLiveScanCamera.ts(79,5): error TS2322: Type 'RefObject<CameraView | null>' is not assignable to type 'RefObject<CameraView>'.
  Type 'CameraView | null' is not assignable to type 'CameraView'.
    Type 'null' is not assignable to type 'CameraView'.
hooks/useThemeCollections.ts(9,29): error TS2307: Cannot find module 'expo-file-system/legacy' or its corresponding type declarations.
hooks/useThemeImageGeneration.ts(144,77): error TS2345: Argument of type '{ id: string; title: string; description: string; layout: { furniture: { id: string; name: string; category: string; position: { x: number; y: number; z: number; rotation: number; }; dimensions: { width: number; height: number; length: number; }; }[]; metadata: { ...; }; }; colorPalette: string[]; estimatedCost: { ....' is not assignable to parameter of type 'DesignProposal'.
  Type '{ id: string; title: string; description: string; layout: { furniture: { id: string; name: string; category: string; position: { x: number; y: number; z: number; rotation: number; }; dimensions: { width: number; height: number; length: number; }; }[]; metadata: { ...; }; }; colorPalette: string[]; estimatedCost: { ....' is missing the following properties from type 'DesignProposal': visualization, recommendedFurniture, pros, cons, rank
hooks/useThemeUI.ts(323,7): error TS2322: Type '{ totalThemesAnalyzed: number; processingTime: number; mlModel: string; confidenceLevel: "low" | "medium" | "high"; recommendationDate: number; sessionId?: string | undefined; }' is not assignable to type '{ sessionId: string | null; totalThemesAnalyzed: number; processingTime: number; mlModel: string; confidenceLevel: string; recommendationDate?: number | undefined; }'.
  Types of property 'sessionId' are incompatible.
    Type 'string | undefined' is not assignable to type 'string | null'.
      Type 'undefined' is not assignable to type 'string | null'.
services/ImageAnalysisService.ts(406,9): error TS2322: Type 'number' is not assignable to type 'Timeout'.
services/ThemeRecommendationService.ts(269,27): error TS2322: Type '{ id: string; name: string; description: string; confidence: number; colorPalette: string[]; colors: { primary: string[]; secondary: string[]; accent: string[]; neutral: string[]; }; materials: string[]; textures: string[]; ... 10 more ...; dislikes: number; }' is not assignable to type 'DesignTheme'.
  Types of property 'materials' are incompatible.
    Type 'string[]' is not assignable to type 'MaterialType[]'.
      Type 'string' is not assignable to type 'MaterialType'.
services/ThemeRecommendationService.ts(270,7): error TS2322: Type '{ id: string; name: string; description: string; confidence: number; colorPalette: string[]; colors: { primary: string[]; secondary: string[]; accent: string[]; neutral: string[]; }; materials: string[]; textures: string[]; ... 10 more ...; dislikes: number; }' is not assignable to type 'DesignTheme'.
  Types of property 'materials' are incompatible.
    Type 'string[]' is not assignable to type 'MaterialType[]'.
      Type 'string' is not assignable to type 'MaterialType'.
services/ThemeRecommendationService.ts(280,7): error TS2741: Property 'styleAlignment' is missing in type '{ reasonForRecommendation: string; keyMatchingFactors: ("Living Room" | "Bedroom" | "Kitchen" | "Bathroom" | "Office" | "Dining Room" | "Kids Room" | "Outdoor" | "Cozy" | "Minimalist" | ... 13 more ... | "Eclectic")[]; }' but required in type '{ reasonForRecommendation: string; keyMatchingFactors: string[]; styleAlignment: number; suggestedImprovements?: string[] | undefined; }'.
utils/furnitureModelHelper.ts(8,15): error TS2614: Module '"@/app/ar-view"' has no exported member 'FurnitureLibraryItem'. Did you mean to use 'import FurnitureLibraryItem from "@/app/ar-view"' instead?
utils/layout3dExport.ts(7,29): error TS2307: Cannot find module 'expo-file-system/legacy' or its corresponding type declarations.
utils/spatialMappingHelpers.ts(7,29): error TS2307: Cannot find module 'expo-file-system/legacy' or its corresponding type declarations.
utils/themeRecommendHelpers.ts(8,15): error TS2459: Module '"@/types/theme-recommend-ui"' declares 'BudgetValue' locally, but it is not exported.
utils/themeRecommendHelpers.ts(70,22): error TS7053: Element implicitly has an 'any' type because expression of type 'BudgetValue' can't be used to index type 'Record<BudgetValue, number>'.
utils/themeRecommendHelpers.ts(164,5): error TS2322: Type 'number' is not assignable to type 'Timeout'.
